
> uniaoer@0.0.0 bank:global
> node scripts/build-bank.mjs --global --media stage --media stage


🌐 全球增量池:9839 种(骨架 11131 − bank 1299)

🌐 全球台账:6 种已完成,本次待采 9833

🐦 UNiaoer 题库构建（🌐 全球增量模式）
   清单: public/data/species-index.json  物种: 9833/9839  策略: relaxed  媒体: stage
   每物种: 图≤1 音≤1  覆盖表: 0 条
   音频源: iNaturalist sounds + Xeno-canto
   图像: large 母版 → thumb/full/xl + AVIF(libaom-av1)
   时间预算: 不限

   [  1/9833] 图音 宽尾刺嘴莺 (Acanthiza apicalis)
   [  2/9833] 图音 刺鹩 (Acanthisitta chloris)
   [  3/9833] 图音 蓝灰刺嘴莺 (Acanthiza robustirostris)
   [  4/9833] 图音 西尖嘴吸蜜鸟 (Acanthorhynchus superciliosus)
   [  5/9833] 图音 马达加斯加雀鹰 (Accipiter madagascariensis)
      ↳ audio-1 下载失败，保留源站地址：ENOENT: no such file or directory, open '/var/folders/tk/_k1yk_ys7rx9_hlwxn_64bpw0000gn/T/uniaoer-bank/acanthiza-uropygialis/audio-1.src'
   [  6/9833] 图音 栗尾刺嘴莺 (Acanthiza uropygialis)
   [  7/9833] 图音 棕胸雀鹰 (Accipiter rufiventris)
   [  8/9833] 图音 棕颈犀鸟 (Aceros nipalensis)
   [  9/9833] 图音 岩莺 (Achaetops pycnopygius)
   [ 10/9833] 图音 白领八哥 (Acridotheres albocinctus)
   [ 11/9833] 图音 叢林八哥 (Acridotheres fuscus)
